// Jest Snapshot v1, https://goo.gl/fbAQLP

exports[`Profile: CreateNewPassword page renders correctly 1`] = `
<KeyboardAwareScrollView
  contentContainerStyle={
    Array [
      Object {
        "padding": 20,
      },
      Object {
        "flex": 1,
        "justifyContent": "space-between",
      },
    ]
  }
  extraHeight={120}
  keyboardShouldPersistTaps="handled"
>
  <View>
    <View
      style={
        Object {
          "marginBottom": 15,
        }
      }
    >
      <Text
        accessible={true}
        allowFontScaling={true}
        ellipsizeMode="tail"
        style={
          Array [
            Object {
              "color": "#000",
              "fontSize": 14,
            },
          ]
        }
      >
        masukkan kata sandi baru
      </Text>
      <View
        style={
          Object {
            "flexDirection": "column",
          }
        }
      >
        <View>
          <View
            style={
              Array [
                Object {
                  "backgroundColor": "#ededed",
                  "marginTop": 10,
                },
                Object {},
              ]
            }
          >
            <TextInput
              editable={true}
              onBlur={[Function]}
              onChangeText={[Function]}
              onFocus={[Function]}
              placeholderTextColor={undefined}
              secureTextEntry={true}
              style={
                Array [
                  Object {
                    "color": "#000",
                    "fontSize": 16,
                    "fontWeight": "300",
                    "height": 50,
                    "padding": 10,
                  },
                  Object {},
                ]
              }
              underlineColorAndroid="transparent"
              value=""
            />
          </View>
        </View>
        <View
          accessibilityComponentType={undefined}
          accessibilityLabel={undefined}
          accessibilityTraits={undefined}
          accessible={true}
          hitSlop={undefined}
          isTVSelectable={true}
          onLayout={undefined}
          onResponderGrant={[Function]}
          onResponderMove={[Function]}
          onResponderRelease={[Function]}
          onResponderTerminate={[Function]}
          onResponderTerminationRequest={[Function]}
          onStartShouldSetResponder={[Function]}
          style={
            Object {
              "opacity": 1,
              "position": "absolute",
              "right": 5,
              "top": 25,
              "width": 30,
            }
          }
          testID={undefined}
          tvParallaxProperties={undefined}
        >
          <Image
            source={1}
          />
        </View>
      </View>
      <Text
        accessible={true}
        allowFontScaling={true}
        ellipsizeMode="tail"
        style={
          Array [
            Object {
              "color": "#000",
              "fontSize": 12,
            },
            Object {
              "color": "#666",
            },
          ]
        }
      >
        Minimal 8 karakter. Alfanumerik. Gunakan minimal 1 huruf besar.
      </Text>
    </View>
    <View
      style={
        Object {
          "marginBottom": 15,
        }
      }
    >
      <Text
        accessible={true}
        allowFontScaling={true}
        ellipsizeMode="tail"
        style={
          Array [
            Object {
              "color": "#000",
              "fontSize": 14,
            },
          ]
        }
      >
        Konfirmasi kata sandi baru
      </Text>
      <View
        style={
          Object {
            "flexDirection": "column",
          }
        }
      >
        <View>
          <View
            style={
              Array [
                Object {
                  "backgroundColor": "#ededed",
                  "marginTop": 10,
                },
                Object {},
              ]
            }
          >
            <TextInput
              editable={true}
              onBlur={[Function]}
              onChangeText={[Function]}
              onFocus={[Function]}
              placeholderTextColor={undefined}
              secureTextEntry={true}
              style={
                Array [
                  Object {
                    "color": "#000",
                    "fontSize": 16,
                    "fontWeight": "300",
                    "height": 50,
                    "padding": 10,
                  },
                  Object {},
                ]
              }
              underlineColorAndroid="transparent"
              value=""
            />
          </View>
        </View>
        <View
          accessibilityComponentType={undefined}
          accessibilityLabel={undefined}
          accessibilityTraits={undefined}
          accessible={true}
          hitSlop={undefined}
          isTVSelectable={true}
          onLayout={undefined}
          onResponderGrant={[Function]}
          onResponderMove={[Function]}
          onResponderRelease={[Function]}
          onResponderTerminate={[Function]}
          onResponderTerminationRequest={[Function]}
          onStartShouldSetResponder={[Function]}
          style={
            Object {
              "opacity": 1,
              "position": "absolute",
              "right": 5,
              "top": 25,
              "width": 30,
            }
          }
          testID={undefined}
          tvParallaxProperties={undefined}
        >
          <Image
            source={1}
          />
        </View>
      </View>
    </View>
  </View>
  <View
    accessibilityComponentType={undefined}
    accessibilityLabel={undefined}
    accessibilityTraits={undefined}
    accessible={true}
    hitSlop={undefined}
    isTVSelectable={true}
    onLayout={undefined}
    onResponderGrant={[Function]}
    onResponderMove={[Function]}
    onResponderRelease={[Function]}
    onResponderTerminate={[Function]}
    onResponderTerminationRequest={[Function]}
    onStartShouldSetResponder={[Function]}
    style={
      Object {
        "opacity": 1,
      }
    }
    testID={undefined}
    tvParallaxProperties={undefined}
  >
    <View
      style={
        Array [
          Object {
            "alignItems": "center",
            "backgroundColor": "#ED1D25",
            "borderRadius": 30,
            "flexDirection": "row",
            "height": 47,
            "justifyContent": "center",
            "paddingHorizontal": 15,
          },
          undefined,
          Object {},
        ]
      }
    >
      <Text
        accessible={true}
        allowFontScaling={true}
        ellipsizeMode="tail"
        style={
          Object {
            "color": "#FFFFFF",
            "fontSize": 16,
          }
        }
      >
        Berikut
      </Text>
    </View>
  </View>
</KeyboardAwareScrollView>
`;
