// Jest Snapshot v1, https://goo.gl/fbAQLP

exports[`Button component renders correctly 1`] = `
<View
  accessible={true}
  clickable={true}
  isTVSelectable={true}
  onClick={[Function]}
  onResponderGrant={[Function]}
  onResponderMove={[Function]}
  onResponderRelease={[Function]}
  onResponderTerminate={[Function]}
  onResponderTerminationRequest={[Function]}
  onStartShouldSetResponder={[Function]}
  style={
    Object {
      "opacity": 1,
    }
  }
>
  <View
    style={
      Array [
        Object {
          "alignItems": "center",
          "backgroundColor": "#FA3F70",
          "borderRadius": 30,
          "flexDirection": "row",
          "height": 47,
          "justifyContent": "center",
          "paddingHorizontal": 15,
        },
        undefined,
        Object {},
      ]
    }
  >
    <Text
      style={
        Object {
          "color": "#FFFFFF",
          "fontSize": 16,
        }
      }
    />
  </View>
</View>
`;
