// Jest Snapshot v1, https://goo.gl/fbAQLP

exports[`TabDescription component renders correctly 1`] = `
<View
  style={
    Object {
      "marginTop": 10,
      "paddingHorizontal": 10,
    }
  }
>
  <View
    style={
      Object {
        "backgroundColor": "rgba(0,0,0,0)",
        "justifyContent": "space-between",
        "marginLeft": 10,
        "marginRight": 5,
      }
    }
  >
    <Text>
      
    </Text>
  </View>
</View>
`;
