// Jest Snapshot v1, https://goo.gl/fbAQLP

exports[`NavHeader Componenent: NavReset renders correctly 1`] = `
<View>
  <View
    accessible={true}
    clickable={true}
    isTVSelectable={true}
    onClick={[Function]}
    onResponderGrant={[Function]}
    onResponderMove={[Function]}
    onResponderRelease={[Function]}
    onResponderTerminate={[Function]}
    onResponderTerminationRequest={[Function]}
    onStartShouldSetResponder={[Function]}
    style={
      Object {
        "opacity": 1,
        "paddingHorizontal": 10,
        "paddingVertical": 10,
      }
    }
  >
    <View>
      <Text
        style={
          Object {
            "color": "#FA3F70",
          }
        }
      >
        BERSIHKAN
      </Text>
    </View>
  </View>
</View>
`;
