// Jest Snapshot v1, https://goo.gl/fbAQLP

exports[`FeedbackGetter component renders correctly 1`] = `
<RCTScrollView
  onDismiss={[Function]}
>
  <View>
    <View
      style={Object {}}
    >
      <View
        style={
          Object {
            "backgroundColor": "#FFFFFF",
            "flex": 1,
            "overflow": "hidden",
          }
        }
      >
        <View
          style={Object {}}
        >
          <View
            accessible={true}
            clickable={true}
            isTVSelectable={true}
            onClick={[Function]}
            onResponderGrant={[Function]}
            onResponderMove={[Function]}
            onResponderRelease={[Function]}
            onResponderTerminate={[Function]}
            onResponderTerminationRequest={[Function]}
            onStartShouldSetResponder={[Function]}
            style={
              Object {
                "marginLeft": 20,
                "marginTop": 50,
                "opacity": 1,
              }
            }
          >
            <Text
              allowFontScaling={false}
              style={
                Array [
                  Object {
                    "color": undefined,
                    "fontSize": 10,
                  },
                  undefined,
                  Object {
                    "fontFamily": "simas",
                    "fontStyle": "normal",
                    "fontWeight": "normal",
                  },
                  Object {},
                ]
              }
            >
              
            </Text>
          </View>
          <Text
            style={
              Object {
                "color": "#000000",
                "fontWeight": "700",
                "paddingTop": 60,
                "textAlign": "center",
              }
            }
          >
            Hai,
             
            
          </Text>
          <Text
            style={
              Object {
                "color": "#000000",
                "fontSize": 12,
                "marginBottom": 30,
                "padding": 10,
                "textAlign": "center",
              }
            }
          >
            Terima kasih telah menggunakan layanan dari SimbiPlus+
          </Text>
          <Image
            source="NPS.png"
            style={
              Object {
                "alignSelf": "center",
                "height": 160,
                "paddingTop": 15,
                "width": 705,
              }
            }
          />
        </View>
        <View
          style={Object {}}
        >
          <Text
            style={
              Object {
                "color": "#000000",
                "fontSize": 15,
                "fontWeight": "700",
                "marginBottom": 20,
                "marginLeft": 5,
                "marginRight": 5,
                "marginTop": 10,
                "paddingBottom": 15,
                "paddingTop": 20,
                "textAlign": "center",
              }
            }
          >
            Seberapa mungkin Anda merekomendasikan SimobiPlus kepada Teman dan Keluarga Anda berdasarkan pengalaman Anda?
          </Text>
          <BVLinearGradient
            colors={
              Array [
                4290838542,
                4293316608,
                4280525393,
              ]
            }
            endPoint={
              Object {
                "x": 1,
                "y": 0,
              }
            }
            locations={null}
            startPoint={
              Object {
                "x": 0,
                "y": 0,
              }
            }
            style={
              Object {
                "borderRadius": 4,
                "height": 12,
                "marginLeft": 15,
                "marginRight": 5,
                "width": 720,
              }
            }
          />
          <View
            style={
              Array [
                Object {
                  "alignSelf": "center",
                },
                Object {
                  "marginTop": -20,
                },
              ]
            }
          >
            <View
              style={
                Object {
                  "flexDirection": "row",
                }
              }
            >
              <View>
                <View
                  accessible={true}
                  clickable={true}
                  isTVSelectable={true}
                  onClick={[Function]}
                  onResponderGrant={[Function]}
                  onResponderMove={[Function]}
                  onResponderRelease={[Function]}
                  onResponderTerminate={[Function]}
                  onResponderTerminationRequest={[Function]}
                  onStartShouldSetResponder={[Function]}
                  style={
                    Object {
                      "opacity": 1,
                    }
                  }
                >
                  <View
                    style={
                      Array [
                        Object {
                          "alignItems": "center",
                          "backgroundColor": "white",
                          "borderColor": "#C1000E",
                          "borderRadius": 13.5,
                          "borderWidth": 2,
                          "height": 27,
                          "marginLeft": 5,
                          "padding": 10,
                          "width": 27,
                        },
                        Object {
                          "backgroundColor": "#FFFFFF",
                          "borderColor": "#C1000E",
                          "borderRadius": 28,
                          "borderWidth": 2,
                          "marginLeft": 2,
                          "padding": 2,
                          "shadowColor": "#C1000E",
                        },
                      ]
                    }
                  >
                    <Text
                      style={
                        Object {
                          "backgroundColor": "#FFFFFF",
                          "color": "#000000",
                          "fontSize": 11,
                          "padding": 1,
                        }
                      }
                    >
                      0
                    </Text>
                  </View>
                </View>
              </View>
              <View>
                <View
                  accessible={true}
                  clickable={true}
                  isTVSelectable={true}
                  onClick={[Function]}
                  onResponderGrant={[Function]}
                  onResponderMove={[Function]}
                  onResponderRelease={[Function]}
                  onResponderTerminate={[Function]}
                  onResponderTerminationRequest={[Function]}
                  onStartShouldSetResponder={[Function]}
                  style={
                    Object {
                      "opacity": 1,
                    }
                  }
                >
                  <View
                    style={
                      Array [
                        Object {
                          "alignItems": "center",
                          "backgroundColor": "white",
                          "borderColor": "#C1000E",
                          "borderRadius": 13.5,
                          "borderWidth": 2,
                          "height": 27,
                          "marginLeft": 5,
                          "padding": 10,
                          "width": 27,
                        },
                        Object {
                          "backgroundColor": "#FFFFFF",
                          "borderColor": "#C1000E",
                          "borderRadius": 28,
                          "borderWidth": 2,
                          "marginLeft": 2,
                          "padding": 2,
                          "shadowColor": "#C1000E",
                        },
                      ]
                    }
                  >
                    <Text
                      style={
                        Object {
                          "backgroundColor": "#FFFFFF",
                          "color": "#000000",
                          "fontSize": 11,
                          "padding": 1,
                        }
                      }
                    >
                      1
                    </Text>
                  </View>
                </View>
              </View>
              <View>
                <View
                  accessible={true}
                  clickable={true}
                  isTVSelectable={true}
                  onClick={[Function]}
                  onResponderGrant={[Function]}
                  onResponderMove={[Function]}
                  onResponderRelease={[Function]}
                  onResponderTerminate={[Function]}
                  onResponderTerminationRequest={[Function]}
                  onStartShouldSetResponder={[Function]}
                  style={
                    Object {
                      "opacity": 1,
                    }
                  }
                >
                  <View
                    style={
                      Array [
                        Object {
                          "alignItems": "center",
                          "backgroundColor": "white",
                          "borderColor": "#C1000E",
                          "borderRadius": 13.5,
                          "borderWidth": 2,
                          "height": 27,
                          "marginLeft": 5,
                          "padding": 10,
                          "width": 27,
                        },
                        Object {
                          "backgroundColor": "#FFFFFF",
                          "borderColor": "#C1000E",
                          "borderRadius": 28,
                          "borderWidth": 2,
                          "marginLeft": 2,
                          "padding": 2,
                          "shadowColor": "#C1000E",
                        },
                      ]
                    }
                  >
                    <Text
                      style={
                        Object {
                          "backgroundColor": "#FFFFFF",
                          "color": "#000000",
                          "fontSize": 11,
                          "padding": 1,
                        }
                      }
                    >
                      2
                    </Text>
                  </View>
                </View>
              </View>
              <View>
                <View
                  accessible={true}
                  clickable={true}
                  isTVSelectable={true}
                  onClick={[Function]}
                  onResponderGrant={[Function]}
                  onResponderMove={[Function]}
                  onResponderRelease={[Function]}
                  onResponderTerminate={[Function]}
                  onResponderTerminationRequest={[Function]}
                  onStartShouldSetResponder={[Function]}
                  style={
                    Object {
                      "opacity": 1,
                    }
                  }
                >
                  <View
                    style={
                      Array [
                        Object {
                          "alignItems": "center",
                          "backgroundColor": "white",
                          "borderColor": "#D46B07",
                          "borderRadius": 13.5,
                          "borderWidth": 2,
                          "height": 27,
                          "marginLeft": 4,
                          "padding": 4,
                          "width": 27,
                        },
                        Object {
                          "backgroundColor": "#FFFFFF",
                          "borderColor": "#D46B07",
                          "borderRadius": 28,
                          "borderWidth": 2,
                          "fontSize": 25,
                          "marginLeft": 2,
                          "padding": 2,
                        },
                      ]
                    }
                  >
                    <Text
                      style={
                        Object {
                          "backgroundColor": "#FFFFFF",
                          "color": "#000000",
                          "fontSize": 11,
                          "padding": 1,
                        }
                      }
                    >
                      3
                    </Text>
                  </View>
                </View>
              </View>
              <View>
                <View
                  accessible={true}
                  clickable={true}
                  isTVSelectable={true}
                  onClick={[Function]}
                  onResponderGrant={[Function]}
                  onResponderMove={[Function]}
                  onResponderRelease={[Function]}
                  onResponderTerminate={[Function]}
                  onResponderTerminationRequest={[Function]}
                  onStartShouldSetResponder={[Function]}
                  style={
                    Object {
                      "opacity": 1,
                    }
                  }
                >
                  <View
                    style={
                      Array [
                        Object {
                          "alignItems": "center",
                          "backgroundColor": "white",
                          "borderColor": "#D46B07",
                          "borderRadius": 13.5,
                          "borderWidth": 2,
                          "height": 27,
                          "marginLeft": 4,
                          "padding": 4,
                          "width": 27,
                        },
                        Object {
                          "backgroundColor": "#FFFFFF",
                          "borderColor": "#D46B07",
                          "borderRadius": 28,
                          "borderWidth": 2,
                          "fontSize": 25,
                          "marginLeft": 2,
                          "padding": 2,
                        },
                      ]
                    }
                  >
                    <Text
                      style={
                        Object {
                          "backgroundColor": "#FFFFFF",
                          "color": "#000000",
                          "fontSize": 11,
                          "padding": 1,
                        }
                      }
                    >
                      4
                    </Text>
                  </View>
                </View>
              </View>
              <View>
                <View
                  accessible={true}
                  clickable={true}
                  isTVSelectable={true}
                  onClick={[Function]}
                  onResponderGrant={[Function]}
                  onResponderMove={[Function]}
                  onResponderRelease={[Function]}
                  onResponderTerminate={[Function]}
                  onResponderTerminationRequest={[Function]}
                  onStartShouldSetResponder={[Function]}
                  style={
                    Object {
                      "opacity": 1,
                    }
                  }
                >
                  <View
                    style={
                      Array [
                        Object {
                          "alignItems": "center",
                          "backgroundColor": "white",
                          "borderColor": "#D46B07",
                          "borderRadius": 13.5,
                          "borderWidth": 2,
                          "height": 27,
                          "marginLeft": 4,
                          "padding": 4,
                          "width": 27,
                        },
                        Object {
                          "backgroundColor": "#FFFFFF",
                          "borderColor": "#D46B07",
                          "borderRadius": 28,
                          "borderWidth": 2,
                          "fontSize": 25,
                          "marginLeft": 2,
                          "padding": 2,
                        },
                      ]
                    }
                  >
                    <Text
                      style={
                        Object {
                          "backgroundColor": "#FFFFFF",
                          "color": "#000000",
                          "fontSize": 11,
                          "padding": 1,
                        }
                      }
                    >
                      5
                    </Text>
                  </View>
                </View>
              </View>
              <View>
                <View
                  accessible={true}
                  clickable={true}
                  isTVSelectable={true}
                  onClick={[Function]}
                  onResponderGrant={[Function]}
                  onResponderMove={[Function]}
                  onResponderRelease={[Function]}
                  onResponderTerminate={[Function]}
                  onResponderTerminationRequest={[Function]}
                  onStartShouldSetResponder={[Function]}
                  style={
                    Object {
                      "opacity": 1,
                    }
                  }
                >
                  <View
                    style={
                      Array [
                        Object {
                          "alignItems": "center",
                          "backgroundColor": "white",
                          "borderColor": "#E6D000",
                          "borderRadius": 13.5,
                          "borderWidth": 2,
                          "height": 27,
                          "marginLeft": 4,
                          "padding": 4,
                          "width": 27,
                        },
                        Object {
                          "backgroundColor": "#FFFFFF",
                          "borderColor": "#E6D000",
                          "borderRadius": 28,
                          "borderWidth": 2,
                          "fontSize": 25,
                          "marginLeft": 2,
                          "padding": 2,
                        },
                      ]
                    }
                  >
                    <Text
                      style={
                        Object {
                          "backgroundColor": "#FFFFFF",
                          "color": "#000000",
                          "fontSize": 11,
                          "padding": 1,
                        }
                      }
                    >
                      6
                    </Text>
                  </View>
                </View>
              </View>
              <View>
                <View
                  accessible={true}
                  clickable={true}
                  isTVSelectable={true}
                  onClick={[Function]}
                  onResponderGrant={[Function]}
                  onResponderMove={[Function]}
                  onResponderRelease={[Function]}
                  onResponderTerminate={[Function]}
                  onResponderTerminationRequest={[Function]}
                  onStartShouldSetResponder={[Function]}
                  style={
                    Object {
                      "opacity": 1,
                    }
                  }
                >
                  <View
                    style={
                      Array [
                        Object {
                          "alignItems": "center",
                          "backgroundColor": "white",
                          "borderColor": "#E6D000",
                          "borderRadius": 13.5,
                          "borderWidth": 2,
                          "height": 27,
                          "marginLeft": 4,
                          "padding": 4,
                          "width": 27,
                        },
                        Object {
                          "backgroundColor": "#FFFFFF",
                          "borderColor": "#E6D000",
                          "borderRadius": 28,
                          "borderWidth": 2,
                          "fontSize": 25,
                          "marginLeft": 2,
                          "padding": 2,
                        },
                      ]
                    }
                  >
                    <Text
                      style={
                        Object {
                          "backgroundColor": "#FFFFFF",
                          "color": "#000000",
                          "fontSize": 11,
                          "padding": 1,
                        }
                      }
                    >
                      7
                    </Text>
                  </View>
                </View>
              </View>
              <View>
                <View
                  accessible={true}
                  clickable={true}
                  isTVSelectable={true}
                  onClick={[Function]}
                  onResponderGrant={[Function]}
                  onResponderMove={[Function]}
                  onResponderRelease={[Function]}
                  onResponderTerminate={[Function]}
                  onResponderTerminationRequest={[Function]}
                  onStartShouldSetResponder={[Function]}
                  style={
                    Object {
                      "opacity": 1,
                    }
                  }
                >
                  <View
                    style={
                      Array [
                        Object {
                          "alignItems": "center",
                          "backgroundColor": "white",
                          "borderColor": "#AEC317",
                          "borderRadius": 20,
                          "borderWidth": 2,
                          "height": 27,
                          "marginLeft": 4,
                          "padding": 4,
                          "width": 27,
                        },
                        Object {
                          "backgroundColor": "#FFFFFF",
                          "borderColor": "#AEC317",
                          "borderRadius": 28,
                          "borderWidth": 2,
                          "fontSize": 25,
                          "marginLeft": 2,
                          "padding": 2,
                        },
                      ]
                    }
                  >
                    <Text
                      style={
                        Object {
                          "backgroundColor": "#FFFFFF",
                          "color": "#000000",
                          "fontSize": 11,
                          "padding": 1,
                        }
                      }
                    >
                      8
                    </Text>
                  </View>
                </View>
              </View>
              <View>
                <View
                  accessible={true}
                  clickable={true}
                  isTVSelectable={true}
                  onClick={[Function]}
                  onResponderGrant={[Function]}
                  onResponderMove={[Function]}
                  onResponderRelease={[Function]}
                  onResponderTerminate={[Function]}
                  onResponderTerminationRequest={[Function]}
                  onStartShouldSetResponder={[Function]}
                  style={
                    Object {
                      "opacity": 1,
                    }
                  }
                >
                  <View
                    style={
                      Array [
                        Object {
                          "alignItems": "center",
                          "backgroundColor": "white",
                          "borderColor": "#AEC317",
                          "borderRadius": 20,
                          "borderWidth": 2,
                          "height": 27,
                          "marginLeft": 4,
                          "padding": 4,
                          "width": 27,
                        },
                        Object {
                          "backgroundColor": "#FFFFFF",
                          "borderColor": "#AEC317",
                          "borderRadius": 28,
                          "borderWidth": 2,
                          "fontSize": 25,
                          "marginLeft": 2,
                          "padding": 2,
                        },
                      ]
                    }
                  >
                    <Text
                      style={
                        Object {
                          "backgroundColor": "#FFFFFF",
                          "color": "#000000",
                          "fontSize": 11,
                          "padding": 1,
                        }
                      }
                    >
                      9
                    </Text>
                  </View>
                </View>
              </View>
              <View>
                <View
                  accessible={true}
                  clickable={true}
                  isTVSelectable={true}
                  onClick={[Function]}
                  onResponderGrant={[Function]}
                  onResponderMove={[Function]}
                  onResponderRelease={[Function]}
                  onResponderTerminate={[Function]}
                  onResponderTerminationRequest={[Function]}
                  onStartShouldSetResponder={[Function]}
                  style={
                    Object {
                      "opacity": 1,
                    }
                  }
                >
                  <View
                    style={
                      Array [
                        Object {
                          "alignItems": "center",
                          "backgroundColor": "white",
                          "borderColor": "#23A251",
                          "borderRadius": 20,
                          "borderWidth": 2,
                          "height": 27,
                          "marginLeft": 4,
                          "padding": 4,
                          "width": 27,
                        },
                        Object {
                          "backgroundColor": "#FFFFFF",
                          "borderColor": "#23A251",
                          "borderRadius": 15,
                          "borderWidth": 2,
                          "fontSize": 18,
                          "marginLeft": 2,
                          "marginRight": 2,
                          "padding": 0.8,
                        },
                      ]
                    }
                  >
                    <Text
                      style={
                        Object {
                          "color": "#000000",
                          "fontSize": 10,
                          "paddingBottom": 3,
                          "paddingTop": 3,
                        }
                      }
                    >
                      10
                    </Text>
                  </View>
                </View>
              </View>
            </View>
          </View>
          <Text
            style={
              Object {
                "color": "#000000",
                "fontSize": 12,
                "fontStyle": "italic",
                "marginTop": 20,
                "padding": 10,
                "paddingBottom": 120,
                "textAlign": "center",
              }
            }
          >
            Mohon nilai layanan kami dari skala 0 sampai 10. 
Respon kamu sangat berarti bagi kami untuk melayani kamu lebih baik lagi.
          </Text>
        </View>
      </View>
    </View>
  </View>
</RCTScrollView>
`;
