// Jest Snapshot v1, https://goo.gl/fbAQLP

exports[`FormComponent: SinarmasInputBoxNew component renders correctly 1`] = `
<View>
  <View>
    <View
      style={
        Array [
          Object {
            "alignItems": "center",
            "flexDirection": "row",
            "justifyContent": "space-between",
            "paddingHorizontal": 20,
          },
          Object {
            "borderColor": "#ccc",
            "borderRadius": 10,
            "borderWidth": 1,
            "marginVertical": 5,
          },
        ]
      }
    >
      <View>
        <Text
          style={
            Object {
              "color": "#ccc",
              "fontFamily": "roboto",
              "fontSize": 14,
              "left": 0,
              "position": "absolute",
              "top": 15,
            }
          }
        >
          
        </Text>
        <TextInput
          allowFontScaling={true}
          autoCapitalize="none"
          disabled={false}
          disabledLineType="solid"
          editable={true}
          label=""
          onBlur={[Function]}
          onChangeText={[Function]}
          onFocus={[Function]}
          placeholder=""
          rejectResponderTermination={true}
          style={
            Array [
              Object {},
              Object {
                "color": "#000000",
                "fontFamily": "roboto",
                "fontSize": 14,
                "fontWeight": "400",
                "height": 50,
                "marginBottom": -5,
                "marginTop": 10,
                "width": 630,
              },
            ]
          }
          tintColor="#D72F33"
          underlineColorAndroid="transparent"
        />
      </View>
      <View>
        <Text
          allowFontScaling={false}
          style={
            Array [
              Object {
                "color": undefined,
                "fontSize": 18,
              },
              Object {
                "color": "#000000",
              },
              Object {
                "fontFamily": "simas",
                "fontStyle": "normal",
                "fontWeight": "normal",
              },
              Object {},
            ]
          }
        >
          
        </Text>
      </View>
    </View>
  </View>
</View>
`;
