// Jest Snapshot v1, https://goo.gl/fbAQLP

exports[`GenerateCodeOfflineMain component renders correctly 1`] = `
<View
  style={
    Object {
      "backgroundColor": "#FFFFFF",
    }
  }
>
  <View
    style={
      Object {
        "paddingHorizontal": 20,
        "paddingTop": 20,
      }
    }
  >
    <View />
    <View />
  </View>
  <View
    style={
      Object {
        "backgroundColor": "#FFFFFF",
        "paddingBottom": 1334,
      }
    }
  />
</View>
`;
