// Jest Snapshot v1, https://goo.gl/fbAQLP

exports[`QRWithdrawalMenu component QRWithdrawalMenu: renders correctly 1`] = `
<KeyboardAwareScrollView
  extraHeight={120}
  keyboardShouldPersistTaps="handled"
>
  <View>
    <View
      style={
        Object {
          "alignItems": "center",
          "flexDirection": "row",
          "paddingVertical": 5,
        }
      }
    >
      <View>
        <Text>
          Pilih Cardless
        </Text>
      </View>
      <View>
        <View
          accessible={true}
          clickable={true}
          isTVSelectable={true}
          onClick={[Function]}
          onResponderGrant={[Function]}
          onResponderMove={[Function]}
          onResponderRelease={[Function]}
          onResponderTerminate={[Function]}
          onResponderTerminationRequest={[Function]}
          onStartShouldSetResponder={[Function]}
          style={
            Object {
              "opacity": 1,
            }
          }
        >
          <View
            style={
              Array [
                Object {
                  "alignItems": "center",
                  "backgroundColor": "#FA3F70",
                  "borderRadius": 30,
                  "flexDirection": "row",
                  "height": 47,
                  "justifyContent": "center",
                  "paddingHorizontal": 15,
                },
                undefined,
                Object {},
              ]
            }
          >
            <Text
              style={
                Object {
                  "color": "#FFFFFF",
                  "fontSize": 16,
                }
              }
            >
              For Me
            </Text>
          </View>
        </View>
      </View>
      <View>
        <View
          accessible={true}
          clickable={true}
          isTVSelectable={true}
          onClick={[Function]}
          onResponderGrant={[Function]}
          onResponderMove={[Function]}
          onResponderRelease={[Function]}
          onResponderTerminate={[Function]}
          onResponderTerminationRequest={[Function]}
          onStartShouldSetResponder={[Function]}
          style={
            Object {
              "opacity": 1,
            }
          }
        >
          <View
            style={
              Array [
                Object {
                  "alignItems": "center",
                  "backgroundColor": "#FA3F70",
                  "borderRadius": 30,
                  "flexDirection": "row",
                  "height": 47,
                  "justifyContent": "center",
                  "paddingHorizontal": 15,
                },
                undefined,
                Object {},
              ]
            }
          >
            <Text
              style={
                Object {
                  "color": "#FFFFFF",
                  "fontSize": 16,
                }
              }
            >
              For Other
            </Text>
          </View>
        </View>
      </View>
    </View>
  </View>
</KeyboardAwareScrollView>
`;
