// Jest Snapshot v1, https://goo.gl/fbAQLP

exports[`SortingFlightModal component renders correctly 1`] = `
<Modal
  animationType="none"
  hardwareAccelerated={false}
  hideOnBack={true}
  onBackButtonPress={[Function]}
  onClose={[Function]}
  onRequestClose={[Function]}
  transparent={true}
  visible={false}
>
  <View
    style={
      Object {
        "backgroundColor": "black",
        "bottom": 0,
        "height": 1334,
        "left": 0,
        "opacity": 0,
        "position": "absolute",
        "right": 0,
        "top": 0,
        "width": 750,
      }
    }
  />
  <View
    hideOnBack={true}
    onBackButtonPress={[Function]}
    onClose={[Function]}
    style={
      Object {
        "flex": 1,
        "justifyContent": "flex-end",
        "margin": 0,
        "paddingHorizontal": 0,
        "paddingRight": 0,
        "width": 750,
      }
    }
  >
    <View
      style={
        Object {
          "alignItems": "flex-start",
          "alignSelf": "flex-start",
          "backgroundColor": "#FFFFFF",
          "height": 270,
          "justifyContent": "flex-start",
          "paddingHorizontal": 10,
          "paddingVertical": 10,
          "width": 750,
        }
      }
    >
      <Text
        style={
          Object {
            "color": "#000000",
            "fontSize": 28,
            "textAlign": "left",
          }
        }
      >
        Urutkan
      </Text>
      <RCTScrollView
        data={Array []}
        disableVirtualization={false}
        enableEmptySections={true}
        getItem={[Function]}
        getItemCount={[Function]}
        horizontal={false}
        initialNumToRender={10}
        keyExtractor={[Function]}
        maxToRenderPerBatch={10}
        numColumns={1}
        onContentSizeChange={[Function]}
        onEndReachedThreshold={2}
        onLayout={[Function]}
        onMomentumScrollEnd={[Function]}
        onScroll={[Function]}
        onScrollBeginDrag={[Function]}
        onScrollEndDrag={[Function]}
        removeClippedSubviews={false}
        renderItem={[Function]}
        scrollEventThrottle={50}
        stickyHeaderIndices={Array []}
        updateCellsBatchingPeriod={50}
        viewabilityConfigCallbackPairs={Array []}
        windowSize={21}
      >
        <View />
      </RCTScrollView>
    </View>
  </View>
</Modal>
`;
