// Jest Snapshot v1, https://goo.gl/fbAQLP

exports[`CreditCardHistory component renders correctly 1`] = `
<View
  style={
    Object {
      "flex": 1,
    }
  }
>
  <View
    style={
      Array [
        Object {
          "height": 100,
          "left": 0,
          "position": "absolute",
          "right": 0,
          "top": -100,
        },
        Object {
          "backgroundColor": "#A5A5A5",
        },
      ]
    }
  />
  <View
    pointerEvents="none"
    style={
      Object {
        "backgroundColor": "#FA3F70",
        "height": 250,
        "left": 0,
        "overflow": "hidden",
        "position": "absolute",
        "right": 0,
        "top": 0,
        "transform": Array [
          Object {
            "translateY": 0,
          },
        ],
      }
    }
  >
    <BVLinearGradient
      colors={
        Array [
          4289045925,
          4289901234,
          4290756543,
        ]
      }
      endPoint={
        Object {
          "x": 0,
          "y": 1,
        }
      }
      locations={null}
      startPoint={
        Object {
          "x": 0,
          "y": 0,
        }
      }
    >
      <View
        style={
          Object {
            "backgroundColor": "#FA3F70",
            "borderRadius": 30,
            "height": 210,
            "margin": 20,
            "opacity": 1,
            "shadowOffset": Object {
              "height": 3,
            },
            "shadowOpacity": 0.1875,
            "shadowRadius": 2.7,
            "width": null,
          }
        }
      >
        <Image
          source="credit-card-silver.png"
          style={
            Object {
              "borderRadius": 30,
              "height": 210,
              "resizeMode": "cover",
              "width": null,
            }
          }
        />
      </View>
    </BVLinearGradient>
  </View>
  <View
    style={
      Object {
        "backgroundColor": "transparent",
        "flex": 1,
        "height": 210,
        "left": 0,
        "marginTop": 28,
        "position": "absolute",
        "right": 0,
        "top": 0,
        "transform": Array [
          Object {
            "translateY": 0,
          },
        ],
      }
    }
  >
    <View
      style={
        Object {
          "flex": 1,
          "paddingHorizontal": 40,
          "paddingVertical": 65,
        }
      }
    >
      <Text
        style={
          Array [
            Object {
              "color": "#000",
              "fontSize": 18,
            },
            Object {
              "backgroundColor": "transparent",
              "color": "#FFFFFF",
              "fontFamily": "roboto",
              "marginBottom": 10,
              "marginTop": 10,
            },
          ]
        }
      >
        
      </Text>
      <View
        style={
          Object {
            "flexDirection": "row",
          }
        }
      >
        <View
          style={
            Object {
              "paddingRight": 5,
            }
          }
        >
          <Text
            style={
              Object {
                "backgroundColor": "transparent",
                "color": "#FFFFFF",
                "fontFamily": "roboto",
                "fontSize": 10,
                "textAlign": "right",
              }
            }
          >
            Expiry
          </Text>
          <Text
            style={
              Object {
                "backgroundColor": "transparent",
                "color": "#FFFFFF",
                "fontFamily": "roboto",
                "fontSize": 10,
                "textAlign": "right",
              }
            }
          >
            Date
          </Text>
        </View>
        <View
          style={
            Object {
              "justifyContent": "center",
            }
          }
        >
          <Text
            style={
              Array [
                Object {
                  "color": "#000",
                  "fontSize": 16,
                },
                Object {
                  "backgroundColor": "transparent",
                  "color": "#FFFFFF",
                  "fontFamily": "roboto",
                },
              ]
            }
          >
            Invalid date
          </Text>
        </View>
      </View>
      <View
        style={
          Object {
            "marginTop": 20,
          }
        }
      >
        <Text
          style={
            Array [
              Object {
                "color": "#000",
                "fontSize": 14,
              },
              Object {
                "backgroundColor": "transparent",
                "color": "#FFFFFF",
                "fontFamily": "roboto",
              },
            ]
          }
        >
          
        </Text>
      </View>
    </View>
  </View>
  <RCTScrollView
    contentInset={
      Object {
        "top": 250,
      }
    }
    contentOffset={
      Object {
        "y": -250,
      }
    }
    onScroll={[Function]}
    scrollEventThrottle={1}
    style={
      Object {
        "flex": 1,
        "paddingHorizontal": 20,
        "paddingTop": 10,
        "zIndex": -1,
      }
    }
  >
    <View>
      <View
        style={
          Object {
            "alignItems": "center",
            "marginTop": 20,
          }
        }
      >
        <Text
          style={
            Object {
              "color": "#949494",
              "fontFamily": "roboto",
              "fontSize": 14,
              "fontWeight": "300",
            }
          }
        >
          Belum ada data yang bisa ditampilkan
        </Text>
      </View>
      <View
        style={
          Object {
            "paddingVertical": 20,
          }
        }
      />
    </View>
  </RCTScrollView>
</View>
`;
